// Jest Snapshot v1, https://goo.gl/fbAQLP

exports[`Home: Component should render correctly 1`] = `
<styled.div>
  <HelmetWrapper
    defer={true}
    encodeSpecialCharacters={true}
    title="home.pageTitle"
  />
  <styled.h1>
    <FormattedMessage
      defaultMessage="Hello World!"
      id="home.welcome"
      values={Object {}}
    />
  </styled.h1>
  <Styled(ReactComponent) />
  <InjectIntl(MaintainerListComponent)
    items={
      Immutable.List [
        Immutable.Map {
          "id": 1,
        },
        Immutable.Map {
          "id": 2,
        },
        Immutable.Map {
          "id": 3,
        },
      ]
    }
  />
  <Connect(InjectIntl(withRouter(LanguageSwitcher))) />
</styled.div>
`;
